// Jest Snapshot v1, https://goo.gl/fbAQLP

exports[`connect flow Ethereum didv0 Migration migrate v0 did to did v0 and 3box to IDX profile 1`] = `
Object {
  "background": Object {
    "original": Object {
      "height": 175,
      "mimeType": "application/octet-stream",
      "src": "ipfs://QmXKHtXTJwEVqd3YH9SfBpahCViNPBx72vHdJYyA1QepWU",
      "width": 1000,
    },
  },
  "description": "Computer make code.",
  "emoji": "ðŸ‘»",
  "homeLocation": "NYC",
  "image": Object {
    "original": Object {
      "height": 170,
      "mimeType": "application/octet-stream",
      "src": "ipfs://QmeHYKP73jcJ9UboZQ5VHsaoqJRT9Y7R98To7whiv8Sd7g",
      "width": 170,
    },
  },
  "name": "Zach",
  "url": "mysite.com",
}
`;

exports[`connect flow Ethereum didv0 Migration migrate v0 did to did v0 and 3box to IDX profile 2`] = `
Object {
  "0x5314846209d781caad6258b0de7c13acb99ef692@eip155:1": "ceramic://k2t6wyse1ukyg526sxjhqe9oqvmsrpe2qoo0ee4jklo424ybz3kn9y7lt0xnvl",
}
`;
